(node:3564) ExperimentalWarning: Type Stripping is an experimental feature and might change at any time
(Use `node --trace-warnings ...` to show where the warning was created)
PASS 16 radio materials commit native checked state immediately; each scene deforms and settles
PASS radio keyboard, name, form reset, readonly and controlled-declined values stay native
PASS radio dynamic 2/4/7 items and repeated copies remain isolated without duplicate identifiers
PASS 16 editable combo materials open real options, track hover and commit without moving focus
PASS combo filtering, empty/loading/error/group states, multiple chips and form payloads work
PASS combo IME preedit Enter does not choose; rerender does not replace input or its caret
PASS combo active background matches actual row bounds after scrolling, resize and quick reversals
PASS controlled combobox can decline updates and disabled state does not open a menu
PASS all 16 notices have actual live content and an actionable dismiss with material entrances
PASS toast duration pauses on hover and focus, then resumes with one timer and one action
PASS toast zero-duration, maximum stack and API pause/resume preserve real lifetime
PASS all 16 hints distinguish a non-focusable tooltip from an interactive dialog
PASS hint hover crossing and Escape preserve trigger focus; popover updates retain child state
PASS overlays appear above the gallery dialog without moving or duplicating actual content
PASS all 64 A parts fit 320/390/768 with long Japanese text and no page overflow
PASS reduced motion settles immediately; forced colors retain native focus, selection and text
PASS idle/teardown clear every presentation RAF, timer effect and top-layer panel
PASS 64 material layouts stay identical when every other component stylesheet is loaded
RESONANCE: 18 passed
