✔ curated buttons and links retain both intentions and the preceding collections (1.9042ms)
✔ different authored skins, with native semantics instead of clickable divs (5.9517ms)
✔ four formats and both layouts retain all dependencies, examples and integration rules (38.6262ms)
✔ navigation adapter does not replace native href activation or attach event loops (1.2341ms)
✔ buttons have opt-in busy guards and do not start application work by themselves (1.1328ms)
✔ styles have local scope, motion and forced-colour alternatives, and native focus (1.7554ms)
✔ gallery-only demos are not exported as native component runtime (0.8477ms)
✔ React wrappers preserve refs/native props and leave content to the consumer (0.3988ms)
✔ hex-looking SVG paint references are preserved while actual paint colors change (1.0062ms)
✔ curation retains 1120 unique parts and all 70 glass designs with valid related links (153.0605ms)
✔ material-critical A toggles retain their authored palette; every exposed field changes valid instance-scoped CSS (260.0362ms)
✔ adjusted preview, source, prompt and ZIP agree in every format and layout without mutating the catalogue (46.2099ms)
✔ Atelier redesign covers all 171 new expressive parts except the existing loaders (1.1261ms)
✔ every redesigned skin includes exactly its matching material and the shared construction stylesheet (158.6676ms)
✔ B skins and loaders do not depend on the expressive construction or material sheets (34.2772ms)
✔ comma-separated selectors cannot escape their own foundation instance (21.9602ms)
✔ all material families specify shape, light, relief and motion reduction, not only colors (2.8349ms)
✔ artwork is decorative; the native implementations and their type-specific controllers remain the source of behavior (28.7879ms)
✔ light-theme detached labels have their own material backing (0.5993ms)
✔ updated reproduction specifications explicitly include the new art-direction dependencies (17.102ms)
✔ curated checkboxes and popups retain 22 skins per category with both intentions (1.16ms)
✔ checkboxes are native independently selectable inputs with actual labels, not switches (0.3159ms)
✔ popups carry real dialog content, close affordances, labelled headings and native example controls (0.2489ms)
✔ all 4 formats and 2 layouts carry the new runtime closure and standalone examples (13.4527ms)
✔ reusable React defaults do not bake in display examples or simulated save requests (4.2987ms)
✔ checkbox interaction does not override Space, forms or use a permanent animation loop (0.3041ms)
✔ popup lifecycle maintains top layer, nested focus and shared scroll locking (0.2716ms)
✔ styles accommodate reduced motion, forced colours, disabled and mixed states (0.5334ms)
✔ gallery-only thumbnails and status messages are not part of exported popup markup (2.2761ms)
✔ CONTINUUM revises 42 A parts, retains old loaders and adds 8 A + 8 B loaders (1.0715ms)
✔ ranges normalize negative, decimal, missing and degenerate bounds without non-finite numbers (0.4985ms)
✔ 16 progressing geometries differ, evolve with value, and remain finite at bounds and invalid values (4.7578ms)
✔ SVG paint resources can be local to each mounted instance and neither input nor label is drawn in SVG (0.4656ms)
✔ unknown progress uses the native indeterminate state; no made-up percentage or success action (0.3892ms)
✔ uploads open receiving mechanisms only, validate native File objects, and revoke every preview URL (0.7803ms)
✔ calendar motion has no access to grid contents, value ownership or keyboard hit targets (0.4435ms)
✔ new loader artwork has 16 distinct definitions, 8 familiar B designs and paused visibility controls (1.0532ms)
✔ authored HTML, React runtime and ordinary initialization use the same source renderers (14.9246ms)
✔ every changed/new export has dependency-closed runtime and styles, not a gallery-only effect (576.2939ms)
✔ copyable prompts include adaptation, actual state and motion files, not obsolete material dependencies (10.9865ms)
✔ CSS scopes every active skin and supplies a static reduced/forced-colors presentation (0.5871ms)
✔ all external strings in initial renderers are escaped instead of becoming executable HTML (0.247ms)
✔ catalog retains all original parts, four formats, and nonempty sources (3.1279ms)
✔ generation never writes source files, packages, or a registry.generated file (1363.3091ms)
✔ all authored stylesheet bytes and portable source bytes match their inputs (97.7938ms)
✔ TS/TSX and JS/JSX lists have matching paths and generated variants (2693.3176ms)
✔ all generated native JS / HTML relative imports resolve within their package (212.409ms)
✔ all source / review archives retain bytes, CRC and explicit hierarchy (83882.351ms)
✔ archive rejects "../escape" (0.5472ms)
✔ archive rejects "/absolute" (0.0657ms)
✔ archive rejects "C:/bad" (0.0634ms)
✔ archive rejects "folder\\bad" (0.0638ms)
✔ archive rejects "CON" (0.0492ms)
✔ archive rejects "a/NUL.txt" (0.0387ms)
✔ archive rejects "a/aux.js" (0.0323ms)
✔ archive rejects "a./b" (0.0389ms)
✔ archive rejects "a//b" (0.0595ms)
✔ archive rejects "a/../b" (0.0528ms)
✔ archive rejects "a\u0000.txt" (0.1622ms)
✔ archive rejects duplicates and file/directory case conflicts (0.2094ms)
✔ tree retains same-named leaves under distinct parents (6.2937ms)
✔ export fails instead of silently shipping missing dependencies (0.9207ms)
✔ new mount map points only at real component initializers (11.1159ms)
✔ spring settles at both endpoints without invalid timesteps (3.7301ms)
✔ gesture thresholds and orbit endpoints remain stable (0.1438ms)
✔ duplicate demo frames and export inventories are no longer author files (142.25ms)
✔ parts license reaches every part, delivery layout and prompt without entering the listing (2350.3245ms)
✔ parts license survives actual source and review ZIPs in four formats and both layouts (324.3369ms)
✔ portable is default and all deliveries have one valid entry and stylesheet (14.8404ms)
✔ every runtime reference resolves inside the movable component, never examples or a gallery file (1801.4603ms)
✔ portable runtime survives relocation into component, feature and monorepo folders (1226.4908ms)
✔ different components keep dedicated internal folders even when helper names coincide (3.5631ms)
✔ both layouts retain CSS/art except intentional local-reference relocation (745.1704ms)
✔ all source/review ZIP combinations round-trip with metadata, prompt, dependencies and exact text (253613.8646ms)
✔ UI/CLI share full and spec prompts without stale hierarchy mandates (2744.1372ms)
✔ syntax-aware rewriting preserves string examples/comments but rewrites imports, types, export and URLs (0.8745ms)
✔ CSS references, comments, data URLs, quoted text, @import and HTML tags stay correct (0.601ms)
✔ closure includes example-only imports and cyclic local dependencies exactly once (0.3912ms)
✔ unresolved imports, aliases, computed imports, unsupported binary assets and invalid layout collisions fail closed (0.7212ms)
✔ export CLI selects only requested layouts, format, part and review mode (0.2393ms)
✔ example-only dependency trees stay outside the portable runtime folder (0.1765ms)
✔ escaped filenames and SVG references are rewritten without breaking the source syntax (0.184ms)
✔ six curated collections retain designed disclosures and text fields (1.7955ms)
✔ dropdowns have designed choice interiors and selection semantics, never action-menu semantics (0.3099ms)
✔ accordion interiors include designed actual content, and hidden sections are inert (0.291ms)
✔ new exports carry common behavior/styles, example content, portable refs and integration prompts in all formats (40.3925ms)
✔ dropdown and accordion motion is event-driven and respects reduced motion (0.8108ms)
✔ native JS examples use HTML stylesheets, not bundler-only CSS module imports (0.5974ms)
✔ every category meets the 30-part floor and each intention has at least five designs (5.1662ms)
✔ new designs have independent non-color styling and cannot restore deleted near-duplicates (88.5119ms)
✔ all 325 added designs ship the same source in every format/layout with valid prompts, previews and licenses (1007.123ms)
✔ each category includes at least 20 distinct parts, both intentions, with A in the majority (1.4662ms)
✔ each part has independent nonidentical CSS and nonempty reproduction and usage guides (594.8369ms)
✔ new B toggles export only their light event controller, without the animated engine (1.5391ms)
✔ new B surfaces are content-agnostic CSS containers and have no React effects (0.2639ms)
✔ Liquid, Fold and Prism include intrinsic ON/OFF cues in all three authored representations (0.7447ms)
✔ expanded catalog exports preserve layout mapping, AI integration rules and entry metadata (160.9448ms)
✔ sample contents belong only to the gallery and never enter container source (0.6174ms)
✔ all new CSS has fully substituted scoped selectors, no unexpanded author template markers (72.5297ms)
✔ curated historical collection: 733 authored parts, 37 categories, 243 foundations (1.2716ms)
✔ every foundation has real markup, implementation, use example and prompt in every format/layout (709.6282ms)
✔ all 24 combobox exports and prompts keep scrolling inside the candidate list (39.416ms)
✔ all 24 hints export the clipped panel and 16 A designs carry hint-specific motion (16.6761ms)
✔ catalogue transport round-trips every field without minifying exported code (1125.8813ms)
✔ transport rejects corrupt schema, negative refs and unknown fragment indices (2.1058ms)
✔ transport retains newline, CRLF, trailing spaces, empty strings and Unicode (7.2231ms)
✔ sliders and numbers clamp to bounds with decimal steps (0.2796ms)
✔ degenerate ranges and bad steps produce finite, ordered values (0.098ms)
✔ choice values filter disabled/missing values and deduplicate multiple selection (0.2021ms)
✔ date-only values handle leap years without UTC conversion (1.2537ms)
✔ date constraints enforce boundaries and callback exclusions (0.1223ms)
✔ authored date and time inputs accept local values without an OS picker (5.969ms)
✔ pagination keeps first/last/current pages ordered across 1–200 pages (0.8974ms)
✔ file accept validation supports extension, MIME list and wildcards (0.2107ms)
✔ strings inserted in HTML cannot become interactive markup (0.1283ms)
✔ passive visuals use CSS; uploads never contact a server, overlays and object URLs have teardown (0.7021ms)
✔ toast demo triggers stay outside reusable runtime markup (0.2274ms)
✔ TypeScript deliveries use bundler-friendly imports without requiring allowImportingTsExtensions (5.7012ms)
✔ glass collection contains 62 independently named additions and 1120 registered parts (0.6611ms)
✔ 35 ordinary categories have one glass A and one glass B (0.6771ms)
✔ all new runtime / React / example dependencies exist and are independent of gallery modules (1079.9268ms)
✔ portable skins retain common material, project-aware instructions and local fallback styles (17.9236ms)
✔ glass samples use ordinary category controls rather than a second GLASS LAB UI (1.1027ms)
✔ new date skins use the current calendar markup required by their controller (0.9955ms)
✔ all 70 glass templates export the chosen material without changing the template (235.4995ms)
✔ transparency is bounded and finite (0.483ms)
✔ material mapping keeps every template difference at both slider extremes (0.2189ms)
✔ KINETIC adds 12 rails and 12 menus while retaining all non-KINETIC parts (1.0167ms)
✔ each new part has distinct art, a precise prompt, a usage example and a controller (18.8136ms)
✔ Vanilla and React dependency closures include the actual Kinetic renderer and resolve (286.8658ms)
✔ new menus are text-first listboxes with explicit state and no auto-generated initials (3.1715ms)
✔ new rails keep native scroll input and use decorative canvases only (1.4815ms)
✔ new skins are scoped and do not import old ornate/refined skin styles (2.0136ms)
✔ presentation cancellation covers timers, observers and animation resources (0.6187ms)
✔ gallery can reveal new additions without losing older entries (0.2965ms)
✔ Liquid Glass first release has eight additions, two intentions in each of four existing categories (0.8974ms)
✔ material settings are normalized and independent of A/B labels (0.1399ms)
✔ lens map has a stable center and bounded continuous edge displacement (1.1398ms)
✔ every new runtime and example closes over actual source files, not gallery code (136.1412ms)
✔ all new React/TS wrappers and shared effects transpile without syntax errors (189.3351ms)
✔ no unsolicited network, DOM snapshotting or idle render loop in the material (0.4587ms)
✔ motion, transparency, unsupported-backdrop and forced-colors fallbacks are authored (0.3633ms)
✔ original ornament init templates no longer contain unexpanded braces (2.8415ms)
✔ all glass delivery formats and layouts retain exact code, relative paths and project-aware prompts (33211.7226ms)
✔ ORNAMENTS retains 20 originals and adds 10 A designs without restoring retired parts (1.2604ms)
✔ every ornament ships its real code, usage and prompt in each export format and layout (27.1851ms)
✔ all Vanilla ornament controllers expose paused state and clean it on destroy (30.1757ms)
✔ two orbiting ornaments distribute continuous hover motion (0.504ms)
✔ Hero Asterisk distributes the same decorative mark and timing as the site hero (0.872ms)
✔ refinement keeps 685 current parts; 16 A rails and 16 A selects; stable IDs (0.5784ms)
✔ visible A rails remain 9–12px, handles 15–18px; pointer target is separate (1.8237ms)
✔ rail progress is a chosen design mechanism, not imposed on all A rails (2.1181ms)
✔ A dropdown defaults have no icon or generated initials; consumers may still supply icons (4.0445ms)
✔ each portable behavior closure includes real motion helper, and every React source transpiles (170.771ms)
✔ presentation helper preserves React ownership; scroll coordinates and cleanup are explicit (0.4392ms)
✔ per-skin specificity withstands repeated shared imports without altering B styles (24.4263ms)
✔ text-first, paper-reveal and underline motions are different compositions (1.6164ms)
✔ RESONANCE updates exactly 16 A designs in each of four categories, no additions or deleted IDs (0.8972ms)
✔ material families have distinct motion geometry; invalid family has a safe resting appearance (1.3527ms)
✔ authored markup matches the same renderers used by actual React and vanilla controllers (6.021ms)
✔ content renderers escape external labels and descriptions, and show no invented icon by default (0.2695ms)
✔ both framework exports reference the new implementation, not a gallery-only effect (181.0198ms)
✔ A stylesheet opts into resonance and does not import legacy material construction (70.9423ms)
✔ prompts and usage describe new source-of-truth files and preserve integration rules (10.2004ms)
✔ animation implementation has lifecycle cleanup, no constant interval or external resources (1.0308ms)
✔ source closures have only resolvable local import paths and safe CSS/SVG metadata (311.8863ms)
✔ ordinary choice content remains independent from a material identity (0.2236ms)
✔ curated baseline retains toggles, surfaces and scrollbars with both intentions (1.4816ms)
✔ thumb is proportional, bounded and reaches both endpoints (0.3023ms)
✔ invalid geometry, negative scrolling, tiny containers and no-overflow remain finite (0.1126ms)
✔ all new parts expose real scroll semantics and content slots, not fake range sliders (0.8631ms)
✔ both layouts export every CSS/module dependency and an explicit integration manifest (34.0181ms)
✔ standalone demos include their common CSS inline, without unresolved relative CSS imports (0.8321ms)
✔ runtime never intercepts the wheel or adds a continuous animation loop; contains native fallback (0.5923ms)
✔ 32 redesigned A skins retain 42 curated scroll/select skins (0.5577ms)
✔ shared sculpture is explicitly opted into in both Vanilla and React markup (6.9521ms)
✔ all export dependency closures include both the sculpted skin and its original behavioral base (27.5339ms)
✔ reproduction CSS is current, not a conflicting specification appended to the previous skin (6.9894ms)
✔ every selector branch is scoped to its specific skin, including comma-separated selectors (3.6682ms)
✔ decorative geometry has motion reduction, forced-color fallbacks, and no external graphics (7.5865ms)
✔ paper/paint/glass families are distinct structures, not a family of color-only overrides (5.3772ms)
✔ 40 curated choice components retain expressive and essential designs (1.7106ms)
✔ all demonstrations have exactly three choices but authored engines have no fixed thirds (1.4995ms)
✔ 2/3/4/7/12 options support identity, order changes and disabled skip (0.5515ms)
✔ empty, all-disabled, removed values and Home/End have defined fallbacks (0.1418ms)
✔ duplicate or empty values and missing accessible labels are rejected (0.2874ms)
✔ new components expose data-driven React APIs and both integration layouts (27.0026ms)
✔ sample content is outside reusable React component defaults (4.0581ms)
✔ selection UI updates only on interaction/layout; no interval/Canvas; supports reduced motion and forced colours (0.5863ms)
✔ independently exported groups use collision-resistant DOM-safe identities (3.4826ms)
✔ SEQUENCE updates only 10 expressive paginations and 16 expressive tag components (0.8699ms)
✔ pagination normalizes non-finite values, negative bounds, decimals and a single page (0.4675ms)
✔ page keys have a bounded, strictly ordered window at every edge and large totals (0.349ms)
✔ tag values are stable unique keys and unknown selections are discarded (0.1836ms)
✔ each material changes its actual geometry on interaction without text or interactive artwork (0.9781ms)
✔ all SVG resources are namespaced and hostile IDs cannot inject attributes (0.3978ms)
✔ renderers escape host labels and do not assume decorative leading icons (0.2402ms)
✔ new React and Vanilla entries carry the full sequence controller and material graph (212.1025ms)
✔ legacy effects exclude new instances without changing other styles (1.8ms)
✔ copied design specs and integration guides document the real modules and ownership (4.0607ms)
✔ presentation uses stable keyed controls and only clones decoration on removal (0.5006ms)
✔ six curated signature categories retain distinct expressive and restrained designs (7.3922ms)
✔ hex values are normalized, invalid and alpha inputs are explicitly rejected (0.1962ms)
✔ RGB/HSV round trips cover achromatic colors and 216 RGB samples (1.0119ms)
✔ readable swatch ink responds to dark and light samples (0.2157ms)
✔ labels and data are escaped, dangerous URLs are omitted (0.5752ms)
✔ stable nonempty item identifiers reject duplicate or empty values (0.086ms)
✔ ratings expose native radios, a proper legend, bounds and integer state (0.2134ms)
✔ color markup retains native keyboard sliders and form value (0.1511ms)
✔ skeleton content is not duplicated into decorative markup (0.1223ms)
✔ timelines keep real ordered history, supplied timestamps and expandable detail (0.3644ms)
✔ wizard field attributes are escaped and allowlisted (0.2612ms)
✔ all new source closures contain the category controller without unrelated engines (343.7421ms)
✔ all React sources parse through the real TypeScript transform (196.4143ms)
✔ lifecycle implements motion preferences, suspension and teardown without polling (0.459ms)
✔ wizard async checks are guarded against unmount and obsolete completions (0.2221ms)
✔ prompts and usage specify project adaptation, dependencies and real data (14.3341ms)
✔ 24 actual text fields join the five previous collections, with A16 and B8 (3.3398ms)
✔ every text field uses a native input/textarea, a label and empty feedback/counter regions (0.347ms)
✔ text field exports include portable input handling and styles in all 192 layouts/formats (25.7325ms)
✔ input enhancement does not intercept editing keys, paste, or composition values (0.5463ms)
✔ React input API stays content-agnostic and forwards native attributes/change events (0.4223ms)
✔ field styles keep legible native sizes, independent action buttons and accessible motion/colour alternatives (2.2763ms)
✔ gallery has a dedicated text field category and state/readonly/disabled controls (0.3618ms)
✔ TRANSFORM revises exactly 16 A designs in each of four categories (6.2196ms)
✔ spring settles under varied frame rates, does not change native values (0.8634ms)
✔ all 16 rail geometries are bounded, finite and individually distinct (15.4225ms)
✔ every React and Vanilla closure includes its actual engine and transpilable source (753.2468ms)
✔ presentation is event-driven and disposes observers, events and frames (0.8636ms)
✔ selection measures actual items instead of assuming one-third widths (0.4051ms)
✔ base React views keep decorative extension props out of public DOM attributes (4.0474ms)
✔ styles retain static and forced-color versions, no perpetual animations (0.8776ms)
✔ selective revision: sixteen A accordions and six A text fields, no deleted or new IDs (0.8351ms)
✔ all sixteen accordion materials have distinct local shapes and decorative, noninteractive layers (3.8957ms)
✔ React and Vanilla closures include the same material engine and keep stable core APIs (239.6111ms)
✔ field effects neither inspect text nor intercept native editing or send content (0.4946ms)
✔ presentation cleanup covers observers, page visibility, preferences and animation frames (0.3787ms)
✔ native cores remain semantic, while optional presentation refs/layers never enter input attributes (0.411ms)
✔ new styles retain readable, reduced-motion and forced-colors fallbacks (0.8389ms)
✔ shared view adapters retain runtime parameters and do not include showcase samples (1.0478ms)
✔ Vite URL: a listening server preserves its local URL (0.4911ms)
✔ Vite URL: production base path and URL encoding are preserved (0.0898ms)
✔ Vite URL: null fails explicitly instead of bypassing the test (0.2348ms)
✔ Vite URL: an empty local array fails even when a network URL exists (0.0768ms)
✔ Vite URL: empty and whitespace URL values fail explicitly (0.1035ms)
✔ Vite URL: the first published local URL is chosen without guessing a port (0.051ms)
✔ Vite URL: browser suites do not dereference nullable URLs or suppress their types (1.3918ms)
✔ CI assigns every verify stage once across bounded OS shards (1.0312ms)
✔ WAYFINDER targets exactly ten A breadcrumbs and thirteen A number inputs (0.786ms)
✔ rendered titles and units are escaped rather than treated as markup (0.2399ms)
✔ native number editing and separate adjust controls remain present (0.0975ms)
✔ breadcrumb visual trace is separate from the ordered list and hidden from accessibility (0.0736ms)
✔ all React and Vanilla entries export their actual controller and local style dependencies (115.9889ms)
✔ motion has lifecycle cleanup, native links, no polling, and no hidden input duplication (0.489ms)
✔ distinct layouts include vertical hierarchy and stacked numeric keys with reduced-motion fallbacks (0.4092ms)
✔ copy and integration docs refer to the new source, not the old shared material skin (2.2555ms)
✔ Workbench contains 79 curated parts in five categories with both intentions (0.5849ms)
✔ Every component has real editable sources, examples and project-aware prompts (67.7102ms)
✔ All runtime and example local references resolve, without a gallery dependency (632.244ms)
✔ React, TypeScript and their exported JS syntax transpile without parse errors (689.4324ms)
✔ Styles are rooted in individual skins and contain motion-reduced variants (6.0606ms)
✔ Text escaping does not create executable markup (0.1574ms)
✔ URL handling rejects executable schemes, controls and slash escapes (0.2009ms)
✔ Item identities must be unique and nonempty (0.2134ms)
✔ Search normalizes fullwidth text and supports multiple search tokens (0.3674ms)
✔ Search ranks labels but preserves order for equal scores (0.1747ms)
✔ Table sorts numerically and stably, without modifying caller rows (0.2244ms)
✔ Table text filtering uses data rather than preformatted HTML (0.0779ms)
✔ Navigation wrappers retain the skin default layout and real markup semantics (1.6694ms)
✔ Table keeps native table semantics; commands are opt-in global and menus stay scoped (0.5019ms)
ℹ tests 270
ℹ suites 0
ℹ pass 270
ℹ fail 0
ℹ cancelled 0
ℹ skipped 0
ℹ todo 0
ℹ duration_ms 800049.3835
