PASS cantilever-toggle
PASS shoji-toggle
PASS pneumatic-toggle
PASS braided-toggle
PASS scalloped-folio
PASS kiln-surface
PASS plotted-surface
PASS inlaid-surface
PASS vellum-pocket
PASS caption-surface
PASS book-spine-accordion
PASS suspension-accordion
PASS concertina-accordion
PASS notched-accordion
PASS carbon-ribbon-field
PASS punched-field
PASS banked-field
PASS ruled-caption-field
PASS bellows-button
PASS porcelain-key-button
PASS suture-button
PASS arrowhead-button
PASS spinneret-button
PASS shortcut-button
PASS folded-index-tabs
PASS split-ledge-tabs
PASS fanlight-tabs
PASS threaded-tabs
PASS wingtip-tabs
PASS notebook-register-tabs
PASS detent-crown-segments
PASS weft-segments
PASS float-key-segments
PASS slide-rule-segments
PASS split-flap-segments
PASS paddle-segments
PASS enamel-cell-segments
PASS rail-switch-segments
PASS counted-segments
PASS toolbar-segments
PASS clasp-check
PASS perforated-check
PASS cushion-check
PASS oblique-check
PASS stitched-square-check
PASS two-line-check
PASS proscenium-dialog
PASS bifold-dialog
PASS oculus-dialog
PASS hinged-case-dialog
PASS tension-sheet-dialog
PASS summary-confirm-dialog
PASS retracting-link
PASS atlas-spur-link
PASS swing-tag-link
PASS louver-link
PASS copper-wire-link
PASS narrow-gate-link
PASS corner-turn-link
PASS dipped-label-link
PASS scored-edge-link
PASS offset-title-link
PASS destination-link
PASS icon-rail-link
PASS muted-reference-link
PASS tape-measure-range
PASS suspension-range
PASS fader-strip-range
PASS gutter-light-range
PASS sail-range
PASS porcelain-channel-range
PASS annotation-range
PASS labeled-track-range
PASS roller-counter
PASS balance-stepper
PASS knurled-stepper
PASS tally-stepper
PASS pressed-number
PASS split-digit-stepper
PASS column-stepper
PASS wedged-stepper
PASS meter-box-stepper
PASS inline-quantity
PASS labeled-quantity
PASS tabbed-choice
PASS pebble-choice
PASS windowed-choice
PASS saddle-choice
PASS suspended-choice
PASS caption-choice
PASS comparison-choice
PASS reservoir-progress
PASS ladder-progress
PASS crescent-meter
PASS folding-ruler-progress
PASS tension-progress
PASS quadrant-progress
PASS split-summary-progress
PASS quiet-step-progress
PASS divider-finder
PASS circular-grip-finder
PASS sheet-margin-finder
PASS stepped-finder
PASS bezel-finder
PASS stitched-catalog-finder
PASS label-pair-finder
PASS wide-label-finder
PASS corner-note-popover
PASS pocket-note-popover
PASS braced-note-popover
PASS raised-caption-popover
PASS index-leaf-popover
PASS pillbox-popover
PASS fact-note-popover
PASS bookmark-notice
PASS capsule-station-notice
PASS folded-corner-notice
PASS teletype-notice
PASS grommet-notice
PASS split-ticket-notice
PASS terraced-notice
PASS sailboard-notice
PASS status-row-notice
PASS binding-tag
PASS disc-tab-tag
PASS riveted-tag
PASS fold-line-tag
PASS caption-band-tag
PASS chamfered-tag
PASS count-chip-tag
PASS branch-trail
PASS slope-trail
PASS gutter-trail
PASS border-route-trail
PASS dropcap-trail
PASS rail-stop-trail
PASS label-stack-trail
PASS corner-ribbon-trail
PASS bypass-trail
PASS etched-level-trail
PASS tunnel-trail
PASS range-mark-trail
PASS vertical-location-trail
PASS current-location-trail
PASS separator-location-trail
PASS compact-home-trail
PASS folio-spread-pages
PASS pinwheel-pages
PASS channel-pages
PASS ticket-roll-pages
PASS bead-track-pages
PASS upper-deck-pages
PASS bracket-pages
PASS imprint-pages
PASS cog-register-pages
PASS suspended-pages
PASS split-level-pages
PASS spaced-serif-pages
PASS condensed-pages
PASS wide-touch-pages
PASS divider-pages
PASS mail-slot-dropzone
PASS archive-bin-dropzone
PASS clip-frame-dropzone
PASS seam-pocket-dropzone
PASS landing-mat-dropzone
PASS specimen-dropzone
PASS file-berth-dropzone
PASS apron-dropzone
PASS offset-crate-dropzone
PASS horizontal-file-dropzone
PASS file-list-dropzone
PASS bordered-receive-dropzone
PASS calendar-placket
PASS two-leaf-calendar
PASS lunette-calendar
PASS appointment-card-calendar
PASS slotted-time-calendar
PASS stamp-grid-calendar
PASS signal-box-calendar
PASS stepped-date-calendar
PASS dial-caption-calendar
PASS form-date-calendar
PASS shuttle-loader
PASS bimetal-loader
PASS kinetic-abacus-loader
PASS lozenge-transfer-loader
PASS semaphore-loader
PASS tension-mobile
PASS cutout-portrait
PASS lattice-portrait
PASS keyhole-portrait
PASS postmark-portrait
PASS dossier-identity
PASS bookend-portrait
PASS staggered-portrait
PASS edge-light-portrait
PASS medallion-sash-profile
PASS aperture-ticket-profile
PASS crossmount-profile
PASS frontispiece-profile
PASS domino-rating
PASS leaflet-rating
PASS chime-rating
PASS pinned-award-rating
PASS wedge-scale-rating
PASS seedpod-rating
PASS keycap-rating
PASS perforated-score-rating
PASS crescent-score-rating
PASS crossbar-score-rating
PASS plume-score-rating
PASS segmented-seal-rating
PASS chroma-scaffold
PASS rgb-pipe-studio
PASS spectral-register
PASS pigment-pipes
PASS chromatic-windowpane
PASS inkwell-mixer
PASS tint-contact-sheet
PASS saturation-slit
PASS rgb-control-board
PASS color-swatch-binder
PASS gradient-desk
PASS color-plate-trio
PASS compact-split-color
PASS column-copy-skeleton
PASS gallery-grid-skeleton
PASS schedule-grid-skeleton
PASS file-tree-skeleton
PASS editorial-type-skeleton
PASS checkout-row-skeleton
PASS conversation-skeleton
PASS dashboard-slot-skeleton
PASS portrait-column-skeleton
PASS navigation-bar-skeleton
PASS receipt-column-skeleton
PASS feature-grid-skeleton
PASS list-cell-skeleton
PASS shoreline-history
PASS gallery-route-history
PASS folding-map-history
PASS promenade-history
PASS dialmark-history
PASS shelved-history
PASS etched-ledger-history
PASS rising-date-history
PASS chapter-ribbon-history
PASS hinged-record-history
PASS margin-index-history
PASS marker-block-history
PASS summary-row-history
PASS sill-workflow
PASS railhead-workflow
PASS fabrication-workflow
PASS path-column-workflow
PASS caption-stage-workflow
PASS notched-module-workflow
PASS outline-room-workflow
PASS corner-anchor-workflow
PASS paper-console-workflow
PASS swing-board-workflow
PASS swept-chapter-workflow
PASS hinge-rail-workflow
PASS finder-lip-search
PASS query-counterweight
PASS index-gutter-search
PASS pane-handle-search
PASS ruler-edge-search
PASS bookplate-search
PASS capped-rail-search
PASS filter-shelf-search
PASS angled-index-search
PASS switch-register-search
PASS compartment-navigation
PASS arched-route-navigation
PASS vertical-register-navigation
PASS cantoned-navigation
PASS sill-dock-navigation
PASS folio-column-navigation
PASS scored-route-navigation
PASS corner-flag-navigation
PASS switchplate-navigation
PASS docket-command
PASS shelf-command
PASS pressboard-command
PASS corner-gate-command
PASS call-sign-command
PASS monogram-command
PASS stepped-list-command
PASS cradle-command
PASS typecase-command
PASS bay-window-command
PASS oblique-action-command
PASS cabled-command
PASS shortcut-column-command
PASS description-first-command
PASS groove-action-context
PASS hanger-action-context
PASS petrol-label-context
PASS cut-corner-context
PASS ledger-spur-context
PASS double-sill-context
PASS crosshair-action-context
PASS arc-label-context
PASS rail-brace-context
PASS folded-label-context
PASS chamfer-tool-context
PASS thin-step-context
PASS shortcut-rail-context
PASS explained-action-context
PASS ledger-spine-table
PASS floating-row-table
PASS numeric-deck-table
PASS column-bay-table
PASS tension-grid-table
PASS dated-card-table
PASS slotted-record-table
PASS stepped-header-table
PASS margin-ledger-table
PASS progress-tube-table
PASS row-marker-table
PASS folio-drawer-table
PASS border-weave-table
PASS readable-record-table
