
> state-of-play@4.5.0 test:disclosures
> node --experimental-strip-types tests/disclosures.browser.ts

(node:2854) ExperimentalWarning: Type Stripping is an experimental feature and might change at any time
(Use `node --trace-warnings ...` to show where the warning was created)
PASS Dropdowns: actual options, End/Enter commit, Escape cancellation, no accidental detail dialog
PASS Dropdown top layer in the detail modal; first Escape closes choices, next closes detail
PASS 24 accordions: real height transitions, single expand, native buttons and keyboard focus
PASS Accordion designed interiors remain interactive; multiple expand controls work
PASS Both new categories at 320 / 390 / 768px: no page overflow, viewport-contained popup and detail controls
PASS Native select: typeahead, form submission/reset, disabled choice, disabled field and external focus
PASS Controlled native select refuses commits until setValue; empty choices stay safe
PASS Accordion controlled refusal, dynamic content height, focus recovery and required-open policy
PASS Nested accordions keep independent state and unique ids; cleanup leaves no RAF
PASS Reduced-motion: menus and accordion panels use no animated transition
React runtime checks NOT RUN: no actual React browser runtime supplied in offline mode.
Disclosure checks: 10 passed.

> state-of-play@4.5.0 test:textfields
> node --experimental-strip-types tests/textfields.browser.ts

(node:3057) ExperimentalWarning: Type Stripping is an experimental feature and might change at any time
(Use `node --trace-warnings ...` to show where the warning was created)
PASS Gallery: 24 native editable fields, labels focus the input, typing never opens details
PASS Native editing: caret movement, undo, clear focus and safe text display
PASS Detail controls: value survives format/layout changes; error, success, readOnly, disabled and reset
PASS Email validation on blur, explicit error recovery and password visibility without submission
PASS IME synthetic lifecycle preserves composition values and disables destructive controls
PASS Multiline fields grow and shrink within a bounded height without dropping text
PASS 24 fields at 320/390/768: no horizontal overflow, 16px native text and usable detail controls
PASS Without initialization: native input and textarea still accept ordinary text
PASS Native forms: independent IDs, values, reset cancellation, disabled exclusion and readonly submission
PASS Native maxlength, no-JS editing fallback and teardown stop enhancement listeners
React checks not run: no actual React runtime supplied for offline mode.
PASS Reduced motion and forced colours keep native input and focus available
Text field checks: 11 passed.
REGRESSION EXIT: 0 / 0
