TAP version 13
# (node:3212) ExperimentalWarning: Type Stripping is an experimental feature and might change at any time
# (Use `node --trace-warnings ...` to show where the warning was created)
# Subtest: 24 actual text fields join the five previous collections, with A16 and B8
ok 1 - 24 actual text fields join the five previous collections, with A16 and B8
  ---
  duration_ms: 3.276018
  type: 'test'
  ...
# Subtest: every text field uses a native input/textarea, a label and empty feedback/counter regions
ok 2 - every text field uses a native input/textarea, a label and empty feedback/counter regions
  ---
  duration_ms: 0.617268
  type: 'test'
  ...
# Subtest: text field exports include portable input handling and styles in all 192 layouts/formats
ok 3 - text field exports include portable input handling and styles in all 192 layouts/formats
  ---
  duration_ms: 79.807075
  type: 'test'
  ...
# Subtest: input enhancement does not intercept editing keys, paste, or composition values
ok 4 - input enhancement does not intercept editing keys, paste, or composition values
  ---
  duration_ms: 0.757843
  type: 'test'
  ...
# Subtest: React input API stays content-agnostic and forwards native attributes/change events
ok 5 - React input API stays content-agnostic and forwards native attributes/change events
  ---
  duration_ms: 0.676887
  type: 'test'
  ...
# Subtest: field styles keep legible native sizes, independent action buttons and accessible motion/colour alternatives
ok 6 - field styles keep legible native sizes, independent action buttons and accessible motion/colour alternatives
  ---
  duration_ms: 1.107108
  type: 'test'
  ...
# Subtest: gallery has a dedicated text field category and state/readonly/disabled controls
ok 7 - gallery has a dedicated text field category and state/readonly/disabled controls
  ---
  duration_ms: 0.283409
  type: 'test'
  ...
# (node:3213) ExperimentalWarning: Type Stripping is an experimental feature and might change at any time
# (Use `node --trace-warnings ...` to show where the warning was created)
# Subtest: selective revision: sixteen A accordions and six A text fields, no deleted or new IDs
ok 8 - selective revision: sixteen A accordions and six A text fields, no deleted or new IDs
  ---
  duration_ms: 1.116095
  type: 'test'
  ...
# Subtest: all sixteen accordion materials have distinct local shapes and decorative, noninteractive layers
ok 9 - all sixteen accordion materials have distinct local shapes and decorative, noninteractive layers
  ---
  duration_ms: 1.676971
  type: 'test'
  ...
# Subtest: React and Vanilla closures include the same material engine and keep stable core APIs
ok 10 - React and Vanilla closures include the same material engine and keep stable core APIs
  ---
  duration_ms: 706.006763
  type: 'test'
  ...
# Subtest: field effects neither inspect text nor intercept native editing or send content
ok 11 - field effects neither inspect text nor intercept native editing or send content
  ---
  duration_ms: 0.778939
  type: 'test'
  ...
# Subtest: presentation cleanup covers observers, page visibility, preferences and animation frames
ok 12 - presentation cleanup covers observers, page visibility, preferences and animation frames
  ---
  duration_ms: 0.677698
  type: 'test'
  ...
# Subtest: native cores remain semantic, while optional presentation refs/layers never enter input attributes
ok 13 - native cores remain semantic, while optional presentation refs/layers never enter input attributes
  ---
  duration_ms: 0.475947
  type: 'test'
  ...
# Subtest: new styles retain readable, reduced-motion and forced-colors fallbacks
ok 14 - new styles retain readable, reduced-motion and forced-colors fallbacks
  ---
  duration_ms: 0.504979
  type: 'test'
  ...
# Subtest: shared view adapters retain runtime parameters and do not include showcase samples
ok 15 - shared view adapters retain runtime parameters and do not include showcase samples
  ---
  duration_ms: 0.802898
  type: 'test'
  ...
1..15
# tests 15
# suites 0
# pass 15
# fail 0
# cancelled 0
# skipped 0
# todo 0
# duration_ms 19108.923383
