
> state-of-play@4.5.0 test
> node --experimental-strip-types --test --test-concurrency=1 tests/core.test.ts tests/delivery.test.ts tests/expansion.test.ts tests/scrollbars.test.ts tests/vite-url.test.ts tests/disclosures.test.ts tests/textfields.test.ts tests/actions.test.ts tests/selection.test.ts tests/check-popup.test.ts tests/foundations.test.ts tests/atelier.test.ts tests/sculpture.test.ts tests/refinement.test.ts tests/kinetic.test.ts tests/unfold.test.ts

TAP version 13
# (node:1944) ExperimentalWarning: Type Stripping is an experimental feature and might change at any time
# (Use `node --trace-warnings ...` to show where the warning was created)
# Subtest: 24 buttons + 16 navigation links retain the 144 previous parts
ok 1 - 24 buttons + 16 navigation links retain the 144 previous parts
  ---
  duration_ms: 2.725443
  type: 'test'
  ...
# Subtest: different authored skins, with native semantics instead of clickable divs
ok 2 - different authored skins, with native semantics instead of clickable divs
  ---
  duration_ms: 2.005793
  type: 'test'
  ...
# Subtest: four formats and both layouts retain all dependencies, examples and integration rules
ok 3 - four formats and both layouts retain all dependencies, examples and integration rules
  ---
  duration_ms: 89.398785
  type: 'test'
  ...
# Subtest: navigation adapter does not replace native href activation or attach event loops
ok 4 - navigation adapter does not replace native href activation or attach event loops
  ---
  duration_ms: 0.536773
  type: 'test'
  ...
# Subtest: buttons have opt-in busy guards and do not start application work by themselves
ok 5 - buttons have opt-in busy guards and do not start application work by themselves
  ---
  duration_ms: 0.333858
  type: 'test'
  ...
# Subtest: styles have local scope, motion and forced-colour alternatives, and native focus
ok 6 - styles have local scope, motion and forced-colour alternatives, and native focus
  ---
  duration_ms: 1.067996
  type: 'test'
  ...
# Subtest: gallery-only demos are not exported as native component runtime
ok 7 - gallery-only demos are not exported as native component runtime
  ---
  duration_ms: 0.834667
  type: 'test'
  ...
# Subtest: React wrappers preserve refs/native props and leave content to the consumer
ok 8 - React wrappers preserve refs/native props and leave content to the consumer
  ---
  duration_ms: 0.681658
  type: 'test'
  ...
# (node:2077) ExperimentalWarning: Type Stripping is an experimental feature and might change at any time
# (Use `node --trace-warnings ...` to show where the warning was created)
# Subtest: Atelier redesign covers all 171 new expressive parts except the existing loaders
ok 9 - Atelier redesign covers all 171 new expressive parts except the existing loaders
  ---
  duration_ms: 1.71457
  type: 'test'
  ...
# Subtest: every redesigned skin includes exactly its matching material and the shared construction stylesheet
ok 10 - every redesigned skin includes exactly its matching material and the shared construction stylesheet
  ---
  duration_ms: 162.732188
  type: 'test'
  ...
# Subtest: B skins and loaders do not depend on the expressive construction or material sheets
ok 11 - B skins and loaders do not depend on the expressive construction or material sheets
  ---
  duration_ms: 23.099877
  type: 'test'
  ...
# Subtest: comma-separated selectors cannot escape their own foundation instance
ok 12 - comma-separated selectors cannot escape their own foundation instance
  ---
  duration_ms: 11.066405
  type: 'test'
  ...
# Subtest: all material families specify shape, light, relief and motion reduction, not only colors
ok 13 - all material families specify shape, light, relief and motion reduction, not only colors
  ---
  duration_ms: 2.083507
  type: 'test'
  ...
# Subtest: artwork is decorative; the native implementations and their type-specific controllers remain the source of behavior
ok 14 - artwork is decorative; the native implementations and their type-specific controllers remain the source of behavior
  ---
  duration_ms: 5.434746
  type: 'test'
  ...
# Subtest: light-theme detached labels have their own material backing
ok 15 - light-theme detached labels have their own material backing
  ---
  duration_ms: 0.542597
  type: 'test'
  ...
# Subtest: updated reproduction specifications explicitly include the new art-direction dependencies
ok 16 - updated reproduction specifications explicitly include the new art-direction dependencies
  ---
  duration_ms: 5.641249
  type: 'test'
  ...
# (node:2088) ExperimentalWarning: Type Stripping is an experimental feature and might change at any time
# (Use `node --trace-warnings ...` to show where the warning was created)
# Subtest: Checkboxes and popups each have 24 unique skins, 16 expressive and 8 practical
ok 17 - Checkboxes and popups each have 24 unique skins, 16 expressive and 8 practical
  ---
  duration_ms: 1.689669
  type: 'test'
  ...
# Subtest: checkboxes are native independently selectable inputs with actual labels, not switches
ok 18 - checkboxes are native independently selectable inputs with actual labels, not switches
  ---
  duration_ms: 0.794356
  type: 'test'
  ...
# Subtest: popups carry real dialog content, close affordances, labelled headings and native example controls
ok 19 - popups carry real dialog content, close affordances, labelled headings and native example controls
  ---
  duration_ms: 0.662278
  type: 'test'
  ...
# Subtest: all 4 formats and 2 layouts carry the new runtime closure and standalone examples
ok 20 - all 4 formats and 2 layouts carry the new runtime closure and standalone examples
  ---
  duration_ms: 38.478845
  type: 'test'
  ...
# Subtest: reusable React defaults do not bake in display examples or simulated save requests
ok 21 - reusable React defaults do not bake in display examples or simulated save requests
  ---
  duration_ms: 1.345498
  type: 'test'
  ...
# Subtest: checkbox interaction does not override Space, forms or use a permanent animation loop
ok 22 - checkbox interaction does not override Space, forms or use a permanent animation loop
  ---
  duration_ms: 0.278228
  type: 'test'
  ...
# Subtest: popup lifecycle maintains top layer, nested focus and shared scroll locking
ok 23 - popup lifecycle maintains top layer, nested focus and shared scroll locking
  ---
  duration_ms: 0.257351
  type: 'test'
  ...
# Subtest: styles accommodate reduced motion, forced colours, disabled and mixed states
ok 24 - styles accommodate reduced motion, forced colours, disabled and mixed states
  ---
  duration_ms: 0.231931
  type: 'test'
  ...
# Subtest: gallery-only thumbnails and status messages are not part of exported popup markup
ok 25 - gallery-only thumbnails and status messages are not part of exported popup markup
  ---
  duration_ms: 3.446295
  type: 'test'
  ...
# (node:2111) ExperimentalWarning: Type Stripping is an experimental feature and might change at any time
# (Use `node --trace-warnings ...` to show where the warning was created)
# Subtest: catalog retains all original parts, four formats, and nonempty sources
ok 26 - catalog retains all original parts, four formats, and nonempty sources
  ---
  duration_ms: 4.986461
  type: 'test'
  ...
# Subtest: generation never writes source files, packages, or a registry.generated file
ok 27 - generation never writes source files, packages, or a registry.generated file
  ---
  duration_ms: 104.603074
  type: 'test'
  ...
# Subtest: all authored stylesheet bytes and portable source bytes match their inputs
ok 28 - all authored stylesheet bytes and portable source bytes match their inputs
  ---
  duration_ms: 9.691415
  type: 'test'
  ...
# Subtest: TS/TSX and JS/JSX lists have matching paths and generated variants
ok 29 - TS/TSX and JS/JSX lists have matching paths and generated variants
  ---
  duration_ms: 3708.923859
  type: 'test'
  ...
# Subtest: all generated native JS / HTML relative imports resolve within their package
ok 30 - all generated native JS / HTML relative imports resolve within their package
  ---
  duration_ms: 237.032248
  type: 'test'
  ...
# Subtest: all source / review archives retain bytes, CRC and explicit hierarchy
ok 31 - all source / review archives retain bytes, CRC and explicit hierarchy
  ---
  duration_ms: 72364.424538
  type: 'test'
  ...
# Subtest: archive rejects "../escape"
ok 32 - archive rejects "../escape"
  ---
  duration_ms: 1.482513
  type: 'test'
  ...
# Subtest: archive rejects "/absolute"
ok 33 - archive rejects "/absolute"
  ---
  duration_ms: 0.105741
  type: 'test'
  ...
# Subtest: archive rejects "C:/bad"
ok 34 - archive rejects "C:/bad"
  ---
  duration_ms: 0.985923
  type: 'test'
  ...
# Subtest: archive rejects "folder\\\\bad"
ok 35 - archive rejects "folder\\\\bad"
  ---
  duration_ms: 0.448663
  type: 'test'
  ...
# Subtest: archive rejects "CON"
ok 36 - archive rejects "CON"
  ---
  duration_ms: 0.136857
  type: 'test'
  ...
# Subtest: archive rejects "a/NUL.txt"
ok 37 - archive rejects "a/NUL.txt"
  ---
  duration_ms: 0.057876
  type: 'test'
  ...
# Subtest: archive rejects "a/aux.js"
ok 38 - archive rejects "a/aux.js"
  ---
  duration_ms: 0.042495
  type: 'test'
  ...
# Subtest: archive rejects "a./b"
ok 39 - archive rejects "a./b"
  ---
  duration_ms: 0.035763
  type: 'test'
  ...
# Subtest: archive rejects "a//b"
ok 40 - archive rejects "a//b"
  ---
  duration_ms: 0.085912
  type: 'test'
  ...
# Subtest: archive rejects "a/../b"
ok 41 - archive rejects "a/../b"
  ---
  duration_ms: 0.036253
  type: 'test'
  ...
# Subtest: archive rejects "a\\u0000.txt"
ok 42 - archive rejects "a\\u0000.txt"
  ---
  duration_ms: 0.031836
  type: 'test'
  ...
# Subtest: archive rejects duplicates and file/directory case conflicts
ok 43 - archive rejects duplicates and file/directory case conflicts
  ---
  duration_ms: 1.488206
  type: 'test'
  ...
# Subtest: tree retains same-named leaves under distinct parents
ok 44 - tree retains same-named leaves under distinct parents
  ---
  duration_ms: 9.809874
  type: 'test'
  ...
# Subtest: export fails instead of silently shipping missing dependencies
ok 45 - export fails instead of silently shipping missing dependencies
  ---
  duration_ms: 1.429022
  type: 'test'
  ...
# Subtest: new mount map points only at real component initializers
ok 46 - new mount map points only at real component initializers
  ---
  duration_ms: 6.691033
  type: 'test'
  ...
# Subtest: spring settles at both endpoints without invalid timesteps
ok 47 - spring settles at both endpoints without invalid timesteps
  ---
  duration_ms: 9.935294
  type: 'test'
  ...
# Subtest: gesture thresholds and orbit endpoints remain stable
ok 48 - gesture thresholds and orbit endpoints remain stable
  ---
  duration_ms: 0.327831
  type: 'test'
  ...
# Subtest: duplicate demo frames and export inventories are no longer author files
ok 49 - duplicate demo frames and export inventories are no longer author files
  ---
  duration_ms: 10.480057
  type: 'test'
  ...
# (node:2161) ExperimentalWarning: Type Stripping is an experimental feature and might change at any time
# (Use `node --trace-warnings ...` to show where the warning was created)
# Subtest: portable is default and all deliveries have one valid entry and stylesheet
ok 50 - portable is default and all deliveries have one valid entry and stylesheet
  ---
  duration_ms: 22.999942
  type: 'test'
  ...
# Subtest: every runtime reference resolves inside the movable component, never examples or a gallery file
ok 51 - every runtime reference resolves inside the movable component, never examples or a gallery file
  ---
  duration_ms: 710.974068
  type: 'test'
  ...
# Subtest: portable runtime survives relocation into component, feature and monorepo folders
ok 52 - portable runtime survives relocation into component, feature and monorepo folders
  ---
  duration_ms: 1269.830415
  type: 'test'
  ...
# Subtest: different components keep dedicated internal folders even when helper names coincide
ok 53 - different components keep dedicated internal folders even when helper names coincide
  ---
  duration_ms: 18.054373
  type: 'test'
  ...
# Subtest: both layouts retain CSS/art except intentional local-reference relocation
ok 54 - both layouts retain CSS/art except intentional local-reference relocation
  ---
  duration_ms: 122.146091
  type: 'test'
  ...
# Subtest: all source/review ZIP combinations round-trip with metadata, prompt, dependencies and exact text
ok 55 - all source/review ZIP combinations round-trip with metadata, prompt, dependencies and exact text
  ---
  duration_ms: 291120.171123
  type: 'test'
  ...
# Subtest: UI/CLI share full and spec prompts without stale hierarchy mandates
ok 56 - UI/CLI share full and spec prompts without stale hierarchy mandates
  ---
  duration_ms: 2799.827684
  type: 'test'
  ...
# Subtest: syntax-aware rewriting preserves string examples/comments but rewrites imports, types, export and URLs
ok 57 - syntax-aware rewriting preserves string examples/comments but rewrites imports, types, export and URLs
  ---
  duration_ms: 2.355667
  type: 'test'
  ...
# Subtest: CSS references, comments, data URLs, quoted text, @import and HTML tags stay correct
ok 58 - CSS references, comments, data URLs, quoted text, @import and HTML tags stay correct
  ---
  duration_ms: 1.654434
  type: 'test'
  ...
# Subtest: closure includes example-only imports and cyclic local dependencies exactly once
ok 59 - closure includes example-only imports and cyclic local dependencies exactly once
  ---
  duration_ms: 0.954788
  type: 'test'
  ...
# Subtest: unresolved imports, aliases, computed imports, unsupported binary assets and invalid layout collisions fail closed
ok 60 - unresolved imports, aliases, computed imports, unsupported binary assets and invalid layout collisions fail closed
  ---
  duration_ms: 1.478949
  type: 'test'
  ...
# Subtest: export CLI selects only requested layouts, format, part and review mode
ok 61 - export CLI selects only requested layouts, format, part and review mode
  ---
  duration_ms: 0.397154
  type: 'test'
  ...
# Subtest: example-only dependency trees stay outside the portable runtime folder
ok 62 - example-only dependency trees stay outside the portable runtime folder
  ---
  duration_ms: 0.365977
  type: 'test'
  ...
# Subtest: escaped filenames and SVG references are rewritten without breaking the source syntax
ok 63 - escaped filenames and SVG references are rewritten without breaking the source syntax
  ---
  duration_ms: 0.823302
  type: 'test'
  ...
# (node:2573) ExperimentalWarning: Type Stripping is an experimental feature and might change at any time
# (Use `node --trace-warnings ...` to show where the warning was created)
# Subtest: six collections retain 48 designed disclosures and add text fields
ok 64 - six collections retain 48 designed disclosures and add text fields
  ---
  duration_ms: 3.040232
  type: 'test'
  ...
# Subtest: dropdowns have designed choice interiors and selection semantics, never action-menu semantics
ok 65 - dropdowns have designed choice interiors and selection semantics, never action-menu semantics
  ---
  duration_ms: 0.698391
  type: 'test'
  ...
# Subtest: accordion interiors include designed actual content, and hidden sections are inert
ok 66 - accordion interiors include designed actual content, and hidden sections are inert
  ---
  duration_ms: 0.45664
  type: 'test'
  ...
# Subtest: new exports carry common behavior/styles, example content, portable refs and integration prompts in all formats
ok 67 - new exports carry common behavior/styles, example content, portable refs and integration prompts in all formats
  ---
  duration_ms: 87.09684
  type: 'test'
  ...
# Subtest: dropdown and accordion motion is event-driven and respects reduced motion
ok 68 - dropdown and accordion motion is event-driven and respects reduced motion
  ---
  duration_ms: 0.598118
  type: 'test'
  ...
# Subtest: native JS examples use HTML stylesheets, not bundler-only CSS module imports
ok 69 - native JS examples use HTML stylesheets, not bundler-only CSS module imports
  ---
  duration_ms: 1.969574
  type: 'test'
  ...
# (node:2598) ExperimentalWarning: Type Stripping is an experimental feature and might change at any time
# (Use `node --trace-warnings ...` to show where the warning was created)
# Subtest: each category includes at least 20 distinct parts, both intentions, with A in the majority
ok 70 - each category includes at least 20 distinct parts, both intentions, with A in the majority
  ---
  duration_ms: 1.673124
  type: 'test'
  ...
# Subtest: each part has independent nonidentical CSS and nonempty reproduction and usage guides
ok 71 - each part has independent nonidentical CSS and nonempty reproduction and usage guides
  ---
  duration_ms: 68.24532
  type: 'test'
  ...
# Subtest: new B toggles export only their light event controller, without the animated engine
ok 72 - new B toggles export only their light event controller, without the animated engine
  ---
  duration_ms: 2.390847
  type: 'test'
  ...
# Subtest: new B surfaces are content-agnostic CSS containers and have no React effects
ok 73 - new B surfaces are content-agnostic CSS containers and have no React effects
  ---
  duration_ms: 0.735938
  type: 'test'
  ...
# Subtest: Liquid, Fold and Prism include intrinsic ON/OFF cues in all three authored representations
ok 74 - Liquid, Fold and Prism include intrinsic ON/OFF cues in all three authored representations
  ---
  duration_ms: 0.70785
  type: 'test'
  ...
# Subtest: expanded catalog exports preserve layout mapping, AI integration rules and entry metadata
ok 75 - expanded catalog exports preserve layout mapping, AI integration rules and entry metadata
  ---
  duration_ms: 269.914597
  type: 'test'
  ...
# Subtest: sample contents belong only to the gallery and never enter container source
ok 76 - sample contents belong only to the gallery and never enter container source
  ---
  duration_ms: 0.622897
  type: 'test'
  ...
# Subtest: all new CSS has fully substituted scoped selectors, no unexpanded author template markers
ok 77 - all new CSS has fully substituted scoped selectors, no unexpanded author template markers
  ---
  duration_ms: 19.541151
  type: 'test'
  ...
# (node:2637) ExperimentalWarning: Type Stripping is an experimental feature and might change at any time
# (Use `node --trace-warnings ...` to show where the warning was created)
# Subtest: reconstructed collection: 564 authored parts, 25 categories, 284 additions
ok 78 - reconstructed collection: 564 authored parts, 25 categories, 284 additions
  ---
  duration_ms: 2.408865
  type: 'test'
  ...
# Subtest: every foundation has real markup, implementation, use example and prompt in every format/layout
ok 79 - every foundation has real markup, implementation, use example and prompt in every format/layout
  ---
  duration_ms: 1683.726967
  type: 'test'
  ...
# Subtest: catalogue transport round-trips every field without minifying exported code
ok 80 - catalogue transport round-trips every field without minifying exported code
  ---
  duration_ms: 2616.408883
  type: 'test'
  ...
# Subtest: transport rejects corrupt schema, negative refs and unknown fragment indices
ok 81 - transport rejects corrupt schema, negative refs and unknown fragment indices
  ---
  duration_ms: 3.749628
  type: 'test'
  ...
# Subtest: transport retains newline, CRLF, trailing spaces, empty strings and Unicode
ok 82 - transport retains newline, CRLF, trailing spaces, empty strings and Unicode
  ---
  duration_ms: 11.983297
  type: 'test'
  ...
# Subtest: sliders and numbers clamp to bounds with decimal steps
ok 83 - sliders and numbers clamp to bounds with decimal steps
  ---
  duration_ms: 0.431368
  type: 'test'
  ...
# Subtest: degenerate ranges and bad steps produce finite, ordered values
ok 84 - degenerate ranges and bad steps produce finite, ordered values
  ---
  duration_ms: 0.549285
  type: 'test'
  ...
# Subtest: choice values filter disabled/missing values and deduplicate multiple selection
ok 85 - choice values filter disabled/missing values and deduplicate multiple selection
  ---
  duration_ms: 0.274952
  type: 'test'
  ...
# Subtest: date-only values handle leap years without UTC conversion
ok 86 - date-only values handle leap years without UTC conversion
  ---
  duration_ms: 0.929221
  type: 'test'
  ...
# Subtest: date constraints enforce boundaries and callback exclusions
ok 87 - date constraints enforce boundaries and callback exclusions
  ---
  duration_ms: 0.822687
  type: 'test'
  ...
# Subtest: pagination keeps first/last/current pages ordered across 1–200 pages
ok 88 - pagination keeps first/last/current pages ordered across 1–200 pages
  ---
  duration_ms: 1.703765
  type: 'test'
  ...
# Subtest: file accept validation supports extension, MIME list and wildcards
ok 89 - file accept validation supports extension, MIME list and wildcards
  ---
  duration_ms: 0.270725
  type: 'test'
  ...
# Subtest: strings inserted in HTML cannot become interactive markup
ok 90 - strings inserted in HTML cannot become interactive markup
  ---
  duration_ms: 0.178492
  type: 'test'
  ...
# Subtest: passive visuals use CSS; uploads never contact a server, overlays and object URLs have teardown
ok 91 - passive visuals use CSS; uploads never contact a server, overlays and object URLs have teardown
  ---
  duration_ms: 0.584661
  type: 'test'
  ...
# Subtest: toast demo triggers stay outside reusable runtime markup
ok 92 - toast demo triggers stay outside reusable runtime markup
  ---
  duration_ms: 0.574705
  type: 'test'
  ...
# Subtest: TypeScript deliveries use bundler-friendly imports without requiring allowImportingTsExtensions
ok 93 - TypeScript deliveries use bundler-friendly imports without requiring allowImportingTsExtensions
  ---
  duration_ms: 8.755518
  type: 'test'
  ...
# (node:2665) ExperimentalWarning: Type Stripping is an experimental feature and might change at any time
# (Use `node --trace-warnings ...` to show where the warning was created)
# Subtest: KINETIC adds 12 rails and 12 menus while retaining the 564 baseline IDs
ok 94 - KINETIC adds 12 rails and 12 menus while retaining the 564 baseline IDs
  ---
  duration_ms: 1.521051
  type: 'test'
  ...
# Subtest: each new part has distinct art, a precise prompt, a usage example and a controller
ok 95 - each new part has distinct art, a precise prompt, a usage example and a controller
  ---
  duration_ms: 5.893609
  type: 'test'
  ...
# Subtest: Vanilla and React dependency closures include the actual Kinetic renderer and resolve
ok 96 - Vanilla and React dependency closures include the actual Kinetic renderer and resolve
  ---
  duration_ms: 559.440398
  type: 'test'
  ...
# Subtest: new menus are text-first listboxes with explicit state and no auto-generated initials
ok 97 - new menus are text-first listboxes with explicit state and no auto-generated initials
  ---
  duration_ms: 0.805822
  type: 'test'
  ...
# Subtest: new rails keep native scroll input and use decorative canvases only
ok 98 - new rails keep native scroll input and use decorative canvases only
  ---
  duration_ms: 0.829025
  type: 'test'
  ...
# Subtest: new skins are scoped and do not import old ornate/refined skin styles
ok 99 - new skins are scoped and do not import old ornate/refined skin styles
  ---
  duration_ms: 0.782385
  type: 'test'
  ...
# Subtest: presentation cancellation covers timers, observers and animation resources
ok 100 - presentation cancellation covers timers, observers and animation resources
  ---
  duration_ms: 0.50667
  type: 'test'
  ...
# Subtest: gallery can reveal new additions without losing older entries
ok 101 - gallery can reveal new additions without losing older entries
  ---
  duration_ms: 0.286647
  type: 'test'
  ...
# (node:2676) ExperimentalWarning: Type Stripping is an experimental feature and might change at any time
# (Use `node --trace-warnings ...` to show where the warning was created)
# Subtest: refinement keeps 564 parts; 16 A rails and 16 A selects; stable IDs
ok 102 - refinement keeps 564 parts; 16 A rails and 16 A selects; stable IDs
  ---
  duration_ms: 1.429839
  type: 'test'
  ...
# Subtest: visible A rails remain 9–12px, handles 15–18px; pointer target is separate
ok 103 - visible A rails remain 9–12px, handles 15–18px; pointer target is separate
  ---
  duration_ms: 1.125047
  type: 'test'
  ...
# Subtest: rail progress is a chosen design mechanism, not imposed on all A rails
ok 104 - rail progress is a chosen design mechanism, not imposed on all A rails
  ---
  duration_ms: 1.100703
  type: 'test'
  ...
# Subtest: A dropdown defaults have no icon or generated initials; consumers may still supply icons
ok 105 - A dropdown defaults have no icon or generated initials; consumers may still supply icons
  ---
  duration_ms: 1.207012
  type: 'test'
  ...
# Subtest: each portable behavior closure includes real motion helper, and every React source transpiles
ok 106 - each portable behavior closure includes real motion helper, and every React source transpiles
  ---
  duration_ms: 353.329648
  type: 'test'
  ...
# Subtest: presentation helper preserves React ownership; scroll coordinates and cleanup are explicit
ok 107 - presentation helper preserves React ownership; scroll coordinates and cleanup are explicit
  ---
  duration_ms: 0.755608
  type: 'test'
  ...
# Subtest: per-skin specificity withstands repeated shared imports without altering B styles
ok 108 - per-skin specificity withstands repeated shared imports without altering B styles
  ---
  duration_ms: 1.760168
  type: 'test'
  ...
# Subtest: text-first, paper-reveal and underline motions are different compositions
ok 109 - text-first, paper-reveal and underline motions are different compositions
  ---
  duration_ms: 0.523182
  type: 'test'
  ...
# (node:2687) ExperimentalWarning: Type Stripping is an experimental feature and might change at any time
# (Use `node --trace-warnings ...` to show where the warning was created)
# Subtest: baseline retained: 24 toggles, 24 surfaces, 24 scrollbars, A majority and eight B rails
ok 110 - baseline retained: 24 toggles, 24 surfaces, 24 scrollbars, A majority and eight B rails
  ---
  duration_ms: 4.671995
  type: 'test'
  ...
# Subtest: thumb is proportional, bounded and reaches both endpoints
ok 111 - thumb is proportional, bounded and reaches both endpoints
  ---
  duration_ms: 1.403248
  type: 'test'
  ...
# Subtest: invalid geometry, negative scrolling, tiny containers and no-overflow remain finite
ok 112 - invalid geometry, negative scrolling, tiny containers and no-overflow remain finite
  ---
  duration_ms: 1.581866
  type: 'test'
  ...
# Subtest: all new parts expose real scroll semantics and content slots, not fake range sliders
ok 113 - all new parts expose real scroll semantics and content slots, not fake range sliders
  ---
  duration_ms: 4.574484
  type: 'test'
  ...
# Subtest: both layouts export every CSS/module dependency and an explicit integration manifest
ok 114 - both layouts export every CSS/module dependency and an explicit integration manifest
  ---
  duration_ms: 172.379878
  type: 'test'
  ...
# Subtest: standalone demos include their common CSS inline, without unresolved relative CSS imports
ok 115 - standalone demos include their common CSS inline, without unresolved relative CSS imports
  ---
  duration_ms: 2.952982
  type: 'test'
  ...
# Subtest: runtime never intercepts the wheel or adds a continuous animation loop; contains native fallback
ok 116 - runtime never intercepts the wheel or adds a continuous animation loop; contains native fallback
  ---
  duration_ms: 0.471583
  type: 'test'
  ...
# (node:2725) ExperimentalWarning: Type Stripping is an experimental feature and might change at any time
# (Use `node --trace-warnings ...` to show where the warning was created)
# Subtest: 32 redesigned A skins retain 48 total scroll/select skins and 564 catalogue entries
ok 117 - 32 redesigned A skins retain 48 total scroll/select skins and 564 catalogue entries
  ---
  duration_ms: 5.067683
  type: 'test'
  ...
# Subtest: shared sculpture is explicitly opted into in both Vanilla and React markup
ok 118 - shared sculpture is explicitly opted into in both Vanilla and React markup
  ---
  duration_ms: 1.807509
  type: 'test'
  ...
# Subtest: all export dependency closures include both the sculpted skin and its original behavioral base
ok 119 - all export dependency closures include both the sculpted skin and its original behavioral base
  ---
  duration_ms: 38.320189
  type: 'test'
  ...
# Subtest: reproduction CSS is current, not a conflicting specification appended to the previous skin
ok 120 - reproduction CSS is current, not a conflicting specification appended to the previous skin
  ---
  duration_ms: 4.458908
  type: 'test'
  ...
# Subtest: every selector branch is scoped to its specific skin, including comma-separated selectors
ok 121 - every selector branch is scoped to its specific skin, including comma-separated selectors
  ---
  duration_ms: 5.868389
  type: 'test'
  ...
# Subtest: decorative geometry has motion reduction, forced-color fallbacks, and no external graphics
ok 122 - decorative geometry has motion reduction, forced-color fallbacks, and no external graphics
  ---
  duration_ms: 2.839084
  type: 'test'
  ...
# Subtest: paper/paint/glass families are distinct structures, not a family of color-only overrides
ok 123 - paper/paint/glass families are distinct structures, not a family of color-only overrides
  ---
  duration_ms: 4.3759
  type: 'test'
  ...
# (node:2736) ExperimentalWarning: Type Stripping is an experimental feature and might change at any time
# (Use `node --trace-warnings ...` to show where the warning was created)
# Subtest: 48 new choice components, 24 each, with expressive and essential designs
ok 124 - 48 new choice components, 24 each, with expressive and essential designs
  ---
  duration_ms: 0.986131
  type: 'test'
  ...
# Subtest: all demonstrations have exactly three choices but authored engines have no fixed thirds
ok 125 - all demonstrations have exactly three choices but authored engines have no fixed thirds
  ---
  duration_ms: 3.364774
  type: 'test'
  ...
# Subtest: 2/3/4/7/12 options support identity, order changes and disabled skip
ok 126 - 2/3/4/7/12 options support identity, order changes and disabled skip
  ---
  duration_ms: 9.563178
  type: 'test'
  ...
# Subtest: empty, all-disabled, removed values and Home/End have defined fallbacks
ok 127 - empty, all-disabled, removed values and Home/End have defined fallbacks
  ---
  duration_ms: 0.17633
  type: 'test'
  ...
# Subtest: duplicate or empty values and missing accessible labels are rejected
ok 128 - duplicate or empty values and missing accessible labels are rejected
  ---
  duration_ms: 0.29292
  type: 'test'
  ...
# Subtest: new components expose data-driven React APIs and both integration layouts
ok 129 - new components expose data-driven React APIs and both integration layouts
  ---
  duration_ms: 113.269339
  type: 'test'
  ...
# Subtest: sample content is outside reusable React component defaults
ok 130 - sample content is outside reusable React component defaults
  ---
  duration_ms: 4.48083
  type: 'test'
  ...
# Subtest: selection UI updates only on interaction/layout; no interval/Canvas; supports reduced motion and forced colours
ok 131 - selection UI updates only on interaction/layout; no interval/Canvas; supports reduced motion and forced colours
  ---
  duration_ms: 0.606117
  type: 'test'
  ...
# Subtest: independently exported groups use collision-resistant DOM-safe identities
ok 132 - independently exported groups use collision-resistant DOM-safe identities
  ---
  duration_ms: 21.23891
  type: 'test'
  ...
# (node:2774) ExperimentalWarning: Type Stripping is an experimental feature and might change at any time
# (Use `node --trace-warnings ...` to show where the warning was created)
# Subtest: 24 actual text fields join the five previous collections, with A16 and B8
ok 133 - 24 actual text fields join the five previous collections, with A16 and B8
  ---
  duration_ms: 7.720909
  type: 'test'
  ...
# Subtest: every text field uses a native input/textarea, a label and empty feedback/counter regions
ok 134 - every text field uses a native input/textarea, a label and empty feedback/counter regions
  ---
  duration_ms: 0.648779
  type: 'test'
  ...
# Subtest: text field exports include portable input handling and styles in all 192 layouts/formats
ok 135 - text field exports include portable input handling and styles in all 192 layouts/formats
  ---
  duration_ms: 131.394171
  type: 'test'
  ...
# Subtest: input enhancement does not intercept editing keys, paste, or composition values
ok 136 - input enhancement does not intercept editing keys, paste, or composition values
  ---
  duration_ms: 0.737174
  type: 'test'
  ...
# Subtest: React input API stays content-agnostic and forwards native attributes/change events
ok 137 - React input API stays content-agnostic and forwards native attributes/change events
  ---
  duration_ms: 0.750708
  type: 'test'
  ...
# Subtest: field styles keep legible native sizes, independent action buttons and accessible motion/colour alternatives
ok 138 - field styles keep legible native sizes, independent action buttons and accessible motion/colour alternatives
  ---
  duration_ms: 0.884715
  type: 'test'
  ...
# Subtest: gallery has a dedicated text field category and state/readonly/disabled controls
ok 139 - gallery has a dedicated text field category and state/readonly/disabled controls
  ---
  duration_ms: 1.329033
  type: 'test'
  ...
# (node:2799) ExperimentalWarning: Type Stripping is an experimental feature and might change at any time
# (Use `node --trace-warnings ...` to show where the warning was created)
# Subtest: selective revision: sixteen A accordions and six A text fields, no deleted or new IDs
ok 140 - selective revision: sixteen A accordions and six A text fields, no deleted or new IDs
  ---
  duration_ms: 3.199904
  type: 'test'
  ...
# Subtest: all sixteen accordion materials have distinct local shapes and decorative, noninteractive layers
ok 141 - all sixteen accordion materials have distinct local shapes and decorative, noninteractive layers
  ---
  duration_ms: 1.92596
  type: 'test'
  ...
# Subtest: React and Vanilla closures include the same material engine and keep stable core APIs
ok 142 - React and Vanilla closures include the same material engine and keep stable core APIs
  ---
  duration_ms: 453.223034
  type: 'test'
  ...
# Subtest: field effects neither inspect text nor intercept native editing or send content
ok 143 - field effects neither inspect text nor intercept native editing or send content
  ---
  duration_ms: 1.326799
  type: 'test'
  ...
# Subtest: presentation cleanup covers observers, page visibility, preferences and animation frames
ok 144 - presentation cleanup covers observers, page visibility, preferences and animation frames
  ---
  duration_ms: 0.543065
  type: 'test'
  ...
# Subtest: native cores remain semantic, while optional presentation refs/layers never enter input attributes
ok 145 - native cores remain semantic, while optional presentation refs/layers never enter input attributes
  ---
  duration_ms: 0.527967
  type: 'test'
  ...
# Subtest: new styles retain readable, reduced-motion and forced-colors fallbacks
ok 146 - new styles retain readable, reduced-motion and forced-colors fallbacks
  ---
  duration_ms: 0.500966
  type: 'test'
  ...
# Subtest: shared view adapters retain runtime parameters and do not include showcase samples
ok 147 - shared view adapters retain runtime parameters and do not include showcase samples
  ---
  duration_ms: 0.604258
  type: 'test'
  ...
# (node:2810) ExperimentalWarning: Type Stripping is an experimental feature and might change at any time
# (Use `node --trace-warnings ...` to show where the warning was created)
# Subtest: Vite URL: a listening server preserves its local URL
ok 148 - Vite URL: a listening server preserves its local URL
  ---
  duration_ms: 1.070004
  type: 'test'
  ...
# Subtest: Vite URL: production base path and URL encoding are preserved
ok 149 - Vite URL: production base path and URL encoding are preserved
  ---
  duration_ms: 0.149062
  type: 'test'
  ...
# Subtest: Vite URL: null fails explicitly instead of bypassing the test
ok 150 - Vite URL: null fails explicitly instead of bypassing the test
  ---
  duration_ms: 0.695501
  type: 'test'
  ...
# Subtest: Vite URL: an empty local array fails even when a network URL exists
ok 151 - Vite URL: an empty local array fails even when a network URL exists
  ---
  duration_ms: 0.239117
  type: 'test'
  ...
# Subtest: Vite URL: empty and whitespace URL values fail explicitly
ok 152 - Vite URL: empty and whitespace URL values fail explicitly
  ---
  duration_ms: 0.253002
  type: 'test'
  ...
# Subtest: Vite URL: the first published local URL is chosen without guessing a port
ok 153 - Vite URL: the first published local URL is chosen without guessing a port
  ---
  duration_ms: 0.111132
  type: 'test'
  ...
# Subtest: Vite URL: browser suites do not dereference nullable URLs or suppress their types
ok 154 - Vite URL: browser suites do not dereference nullable URLs or suppress their types
  ---
  duration_ms: 1.448554
  type: 'test'
  ...
# Subtest: CI runs all verify stages in order and checks types before downloading Chromium
ok 155 - CI runs all verify stages in order and checks types before downloading Chromium
  ---
  duration_ms: 4.141622
  type: 'test'
  ...
1..155
# tests 155
# suites 0
# pass 155
# fail 0
# cancelled 0
# skipped 0
# todo 0
# duration_ms 568457.517625
