✔ TRANSFORM revises exactly 16 A designs in each of four categories (7.3737ms)
✔ spring settles under varied frame rates, does not change native values (0.8204ms)
✔ all 16 rail geometries are bounded, finite and individually distinct (15.5246ms)
✔ every React and Vanilla closure includes its actual engine and transpilable source (887.3365ms)
✔ presentation is event-driven and disposes observers, events and frames (0.9488ms)
✔ selection measures actual items instead of assuming one-third widths (0.8613ms)
✔ base React views keep decorative extension props out of public DOM attributes (4.3786ms)
✔ styles retain static and forced-color versions, no perpetual animations (0.9637ms)
✔ selective revision: sixteen A accordions and six A text fields, no deleted or new IDs (0.8878ms)
✔ all sixteen accordion materials have distinct local shapes and decorative, noninteractive layers (8.3953ms)
✔ React and Vanilla closures include the same material engine and keep stable core APIs (299.6027ms)
✔ field effects neither inspect text nor intercept native editing or send content (0.5217ms)
✔ presentation cleanup covers observers, page visibility, preferences and animation frames (0.4036ms)
✔ native cores remain semantic, while optional presentation refs/layers never enter input attributes (0.5786ms)
✔ new styles retain readable, reduced-motion and forced-colors fallbacks (0.9909ms)
✔ shared view adapters retain runtime parameters and do not include showcase samples (1.4427ms)
ℹ tests 16
ℹ suites 0
ℹ pass 16
ℹ fail 0
ℹ cancelled 0
ℹ skipped 0
ℹ todo 0
ℹ duration_ms 1201.5879
