(node:4774) ExperimentalWarning: Type Stripping is an experimental feature and might change at any time
(Use `node --trace-warnings ...` to show where the warning was created)
PASS 284 new components: categories, exact A/B counts and accessible category jump
PASS Slider inspector: bounds/unit/step update, native keyboard, format/layout preserve editing state
PASS Source inspector: representative of each new category, both layouts (full inventory in gallery suite)
PASS All 284 genuine initializers: unique instances, independent lifecycle and no page errors
PASS Range: two native handles, min/max crossing, decimals, readonly and form reset
PASS Radio cards: native form values, disabled skip, updates and controlled-declined requests
PASS Combobox: filtering, keyboard, multi values, disabled items and loading/empty/error states
PASS Combobox IME composition does not intercept Enter or commit partial candidates
PASS Number editing: decimal drafts, IME, invalid draft reporting, min/max and reset
PASS Toast: action callback, capacity, expiry, hover pause and destroy removes top-layer stack
PASS Tooltip/popover: top-layer fit, content update, Escape and safe text
PASS Progress and loader: determinate/indeterminate, dynamic limits, paused/reduced motion
PASS Upload: genuine FileList, accept/size checks, remove, native FormData and reset
PASS Date/time: constraints, direct input, calendar navigation, range, invalid dates
PASS Pagination and breadcrumbs: native links, page limits, dynamic hierarchy and popup cleanup
PASS Badges/chips: independent selection, removal callbacks, disabled and updates
PASS Every part fits 320/390/768px; sample code and modal remain usable on small screens
PASS All native instances unmount cleanly without any observed browser exception
Foundation browser checks: 18 passed; explicit offline adapter, not Vite HTTP.
