Injecting gallery
Gallery injected
Filters passed
Inspector: iris-portrait
Compared files: 76
Inspector: blossom-rating
Compared files: 152
Inspector: chromatic-orbit
Compared files: 236
Inspector: scanner-skeleton
Compared files: 312
Inspector: switchyard-timeline
Compared files: 388
Inspector: folio-wizard
Compared files: 464
Compared files: 464
Compared files: 464
Compared files: 464
Compared files: 464
Compared files: 464
Compared files: 464
Compared files: 464
Compared files: 464
Compared files: 464
{"checks": 5, "sourceFilesCompared": 464, "errors": []}
